// Vitest Snapshot v1, https://vitest.dev/guide/snapshot.html

exports[`async compile > should compile a single indented sass file 1`] = `
"body .div {
  color: blue;
}"
`;

exports[`async compile > should compile a single sass file 1`] = `
"#data {
  float: left;
  margin-left: 10px;
}
#data th {
  text-align: center;
  font-weight: bold;
}
#data td,
#data th {
  padding: 2px;
}"
`;

exports[`async compile > should compile a single sass file if the file name has been changed in the stream 1`] = `
"#data {
  float: left;
  margin-left: 10px;
}
#data th {
  text-align: center;
  font-weight: bold;
}
#data td,
#data th {
  padding: 2px;
}"
`;

exports[`async compile > should compile files with partials in another folder 1`] = `
"body {
  background: pink;
}

body {
  text-align: center;
}

.error, .badError {
  border: #f00;
  background: #fdd;
}

.error.intrusion, .intrusion.badError {
  font-size: 1.3em;
  font-weight: bold;
}

.badError {
  border-width: 3px;
}"
`;

exports[`async compile > should compile multiple sass files 1`] = `
"#data {
  float: left;
  margin-left: 10px;
}
#data th {
  text-align: center;
  font-weight: bold;
}
#data td,
#data th {
  padding: 2px;
}"
`;

exports[`async compile > should compile multiple sass files 2`] = `
".content-navigation {
  border-color: #3bbfce;
  color: rgb(43.82, 161.8657142857, 175.28);
}

.border {
  padding: 8px;
  margin: 8px;
  border-color: #3bbfce;
}"
`;

exports[`async compile > should parse files in sass and scss 1`] = `
"#data {
  float: left;
  margin-left: 10px;
}
#data th {
  text-align: center;
  font-weight: bold;
}
#data td,
#data th {
  padding: 2px;
}"
`;

exports[`async compile > should parse files in sass and scss 2`] = `
"body .div {
  color: blue;
}"
`;
